// Jest Snapshot v1, https://goo.gl/fbAQLP

exports[`Flexbox Верстка не тронута 1`] = `
"
        <section class=\\"flex-container\\">
            <div></div>
            <div></div>
            <div></div>
            <div></div>
            <div></div>
        </section>
    

"
`;
